[2026-06-18T12:51:02.367+0000] {local_task_job_runner.py:123} INFO - ::group::Pre task execution logs
[2026-06-18T12:51:02.378+0000] {taskinstance.py:2614} INFO - Dependencies all met for dep_context=non-requeueable deps ti=<TaskInstance: f1_medallion_pipeline.load_kafka manual__2026-06-18T12:51:01.229560+00:00 [queued]>
[2026-06-18T12:51:02.384+0000] {taskinstance.py:2614} INFO - Dependencies all met for dep_context=requeueable deps ti=<TaskInstance: f1_medallion_pipeline.load_kafka manual__2026-06-18T12:51:01.229560+00:00 [queued]>
[2026-06-18T12:51:02.385+0000] {taskinstance.py:2867} INFO - Starting attempt 1 of 2
[2026-06-18T12:51:02.398+0000] {taskinstance.py:2890} INFO - Executing <Task(PythonOperator): load_kafka> on 2026-06-18 12:51:01.229560+00:00
[2026-06-18T12:51:02.402+0000] {standard_task_runner.py:72} INFO - Started process 212 to run task
[2026-06-18T12:51:02.405+0000] {standard_task_runner.py:104} INFO - Running: ['***', 'tasks', 'run', 'f1_medallion_pipeline', 'load_kafka', 'manual__2026-06-18T12:51:01.229560+00:00', '--job-id', '86', '--raw', '--subdir', 'DAGS_FOLDER/dag.py', '--cfg-path', '/tmp/tmp_2labd0a']
[2026-06-18T12:51:02.408+0000] {standard_task_runner.py:105} INFO - Job 86: Subtask load_kafka
[2026-06-18T12:51:02.456+0000] {task_command.py:467} INFO - Running <TaskInstance: f1_medallion_pipeline.load_kafka manual__2026-06-18T12:51:01.229560+00:00 [running]> on host 5a9023585380
[2026-06-18T12:51:02.520+0000] {taskinstance.py:3134} INFO - Exporting env vars: AIRFLOW_CTX_DAG_OWNER='***' AIRFLOW_CTX_DAG_ID='f1_medallion_pipeline' AIRFLOW_CTX_TASK_ID='load_kafka' AIRFLOW_CTX_EXECUTION_DATE='2026-06-18T12:51:01.229560+00:00' AIRFLOW_CTX_TRY_NUMBER='1' AIRFLOW_CTX_DAG_RUN_ID='manual__2026-06-18T12:51:01.229560+00:00'
[2026-06-18T12:51:02.522+0000] {taskinstance.py:732} INFO - ::endgroup::
[2026-06-18T12:51:02.542+0000] {taskinstance.py:3313} ERROR - Task failed with exception
Traceback (most recent call last):
  File "/home/airflow/.local/lib/python3.11/site-packages/airflow/models/taskinstance.py", line 768, in _execute_task
    result = _execute_callable(context=context, **execute_callable_kwargs)
             ^^^^^^^^^^^^^^^^^^^^^^^^^^^^^^^^^^^^^^^^^^^^^^^^^^^^^^^^^^^^^
  File "/home/airflow/.local/lib/python3.11/site-packages/airflow/models/taskinstance.py", line 734, in _execute_callable
    return ExecutionCallableRunner(
           ^^^^^^^^^^^^^^^^^^^^^^^^
  File "/home/airflow/.local/lib/python3.11/site-packages/airflow/utils/operator_helpers.py", line 252, in run
    return self.func(*args, **kwargs)
           ^^^^^^^^^^^^^^^^^^^^^^^^^^
  File "/home/airflow/.local/lib/python3.11/site-packages/airflow/models/baseoperator.py", line 424, in wrapper
    return func(self, *args, **kwargs)
           ^^^^^^^^^^^^^^^^^^^^^^^^^^^
  File "/home/airflow/.local/lib/python3.11/site-packages/airflow/operators/python.py", line 238, in execute
    return_value = self.execute_callable()
                   ^^^^^^^^^^^^^^^^^^^^^^^
  File "/home/airflow/.local/lib/python3.11/site-packages/airflow/operators/python.py", line 256, in execute_callable
    return runner.run(*self.op_args, **self.op_kwargs)
           ^^^^^^^^^^^^^^^^^^^^^^^^^^^^^^^^^^^^^^^^^^^
  File "/home/airflow/.local/lib/python3.11/site-packages/airflow/utils/operator_helpers.py", line 252, in run
    return self.func(*args, **kwargs)
           ^^^^^^^^^^^^^^^^^^^^^^^^^^
  File "/opt/airflow/dags/dag.py", line 41, in run_kafka
    from consumer import load_kafka
  File "/opt/airflow/project/kafka/consumer.py", line 1, in <module>
    from kafka import KafkaConsumer
ImportError: cannot import name 'KafkaConsumer' from 'kafka' (unknown location)
[2026-06-18T12:51:02.558+0000] {taskinstance.py:1226} INFO - Marking task as UP_FOR_RETRY. dag_id=f1_medallion_pipeline, task_id=load_kafka, run_id=manual__2026-06-18T12:51:01.229560+00:00, execution_date=20260618T125101, start_date=20260618T125102, end_date=20260618T125102
[2026-06-18T12:51:02.583+0000] {taskinstance.py:341} INFO - ::group::Post task execution logs
[2026-06-18T12:51:02.584+0000] {standard_task_runner.py:124} ERROR - Failed to execute job 86 for task load_kafka (cannot import name 'KafkaConsumer' from 'kafka' (unknown location); 212)
Traceback (most recent call last):
  File "/home/airflow/.local/lib/python3.11/site-packages/airflow/task/task_runner/standard_task_runner.py", line 117, in _start_by_fork
    ret = args.func(args, dag=self.dag)
          ^^^^^^^^^^^^^^^^^^^^^^^^^^^^^
  File "/home/airflow/.local/lib/python3.11/site-packages/airflow/cli/cli_config.py", line 49, in command
    return func(*args, **kwargs)
           ^^^^^^^^^^^^^^^^^^^^^
  File "/home/airflow/.local/lib/python3.11/site-packages/airflow/utils/cli.py", line 116, in wrapper
    return f(*args, **kwargs)
           ^^^^^^^^^^^^^^^^^^
  File "/home/airflow/.local/lib/python3.11/site-packages/airflow/cli/commands/task_command.py", line 483, in task_run
    task_return_code = _run_task_by_selected_method(args, _dag, ti)
                       ^^^^^^^^^^^^^^^^^^^^^^^^^^^^^^^^^^^^^^^^^^^^
  File "/home/airflow/.local/lib/python3.11/site-packages/airflow/cli/commands/task_command.py", line 256, in _run_task_by_selected_method
    return _run_raw_task(args, ti)
           ^^^^^^^^^^^^^^^^^^^^^^^
  File "/home/airflow/.local/lib/python3.11/site-packages/airflow/cli/commands/task_command.py", line 341, in _run_raw_task
    return ti._run_raw_task(
           ^^^^^^^^^^^^^^^^^
  File "/home/airflow/.local/lib/python3.11/site-packages/airflow/utils/session.py", line 97, in wrapper
    return func(*args, session=session, **kwargs)
           ^^^^^^^^^^^^^^^^^^^^^^^^^^^^^^^^^^^^^^
  File "/home/airflow/.local/lib/python3.11/site-packages/airflow/models/taskinstance.py", line 3006, in _run_raw_task
    return _run_raw_task(
           ^^^^^^^^^^^^^^
  File "/home/airflow/.local/lib/python3.11/site-packages/airflow/models/taskinstance.py", line 274, in _run_raw_task
    TaskInstance._execute_task_with_callbacks(
  File "/home/airflow/.local/lib/python3.11/site-packages/airflow/models/taskinstance.py", line 3161, in _execute_task_with_callbacks
    result = self._execute_task(context, task_orig)
             ^^^^^^^^^^^^^^^^^^^^^^^^^^^^^^^^^^^^^^
  File "/home/airflow/.local/lib/python3.11/site-packages/airflow/models/taskinstance.py", line 3185, in _execute_task
    return _execute_task(self, context, task_orig)
           ^^^^^^^^^^^^^^^^^^^^^^^^^^^^^^^^^^^^^^^
  File "/home/airflow/.local/lib/python3.11/site-packages/airflow/models/taskinstance.py", line 768, in _execute_task
    result = _execute_callable(context=context, **execute_callable_kwargs)
             ^^^^^^^^^^^^^^^^^^^^^^^^^^^^^^^^^^^^^^^^^^^^^^^^^^^^^^^^^^^^^
  File "/home/airflow/.local/lib/python3.11/site-packages/airflow/models/taskinstance.py", line 734, in _execute_callable
    return ExecutionCallableRunner(
           ^^^^^^^^^^^^^^^^^^^^^^^^
  File "/home/airflow/.local/lib/python3.11/site-packages/airflow/utils/operator_helpers.py", line 252, in run
    return self.func(*args, **kwargs)
           ^^^^^^^^^^^^^^^^^^^^^^^^^^
  File "/home/airflow/.local/lib/python3.11/site-packages/airflow/models/baseoperator.py", line 424, in wrapper
    return func(self, *args, **kwargs)
           ^^^^^^^^^^^^^^^^^^^^^^^^^^^
  File "/home/airflow/.local/lib/python3.11/site-packages/airflow/operators/python.py", line 238, in execute
    return_value = self.execute_callable()
                   ^^^^^^^^^^^^^^^^^^^^^^^
  File "/home/airflow/.local/lib/python3.11/site-packages/airflow/operators/python.py", line 256, in execute_callable
    return runner.run(*self.op_args, **self.op_kwargs)
           ^^^^^^^^^^^^^^^^^^^^^^^^^^^^^^^^^^^^^^^^^^^
  File "/home/airflow/.local/lib/python3.11/site-packages/airflow/utils/operator_helpers.py", line 252, in run
    return self.func(*args, **kwargs)
           ^^^^^^^^^^^^^^^^^^^^^^^^^^
  File "/opt/airflow/dags/dag.py", line 41, in run_kafka
    from consumer import load_kafka
  File "/opt/airflow/project/kafka/consumer.py", line 1, in <module>
    from kafka import KafkaConsumer
ImportError: cannot import name 'KafkaConsumer' from 'kafka' (unknown location)
[2026-06-18T12:51:02.618+0000] {local_task_job_runner.py:266} INFO - Task exited with return code 1
[2026-06-18T12:51:02.634+0000] {taskinstance.py:3901} INFO - 0 downstream tasks scheduled from follow-on schedule check
[2026-06-18T12:51:02.639+0000] {local_task_job_runner.py:245} INFO - ::endgroup::
