[2026-06-08T09:27:15.600+0000] {local_task_job_runner.py:123} INFO - ::group::Pre task execution logs
[2026-06-08T09:27:15.612+0000] {taskinstance.py:2614} INFO - Dependencies all met for dep_context=non-requeueable deps ti=<TaskInstance: f1_medallion_pipeline.load_bronze manual__2026-06-08T09:27:14.390821+00:00 [queued]>
[2026-06-08T09:27:15.616+0000] {taskinstance.py:2614} INFO - Dependencies all met for dep_context=requeueable deps ti=<TaskInstance: f1_medallion_pipeline.load_bronze manual__2026-06-08T09:27:14.390821+00:00 [queued]>
[2026-06-08T09:27:15.617+0000] {taskinstance.py:2867} INFO - Starting attempt 1 of 2
[2026-06-08T09:27:15.626+0000] {taskinstance.py:2890} INFO - Executing <Task(PythonOperator): load_bronze> on 2026-06-08 09:27:14.390821+00:00
[2026-06-08T09:27:15.630+0000] {standard_task_runner.py:72} INFO - Started process 206 to run task
[2026-06-08T09:27:15.632+0000] {standard_task_runner.py:104} INFO - Running: ['***', 'tasks', 'run', 'f1_medallion_pipeline', 'load_bronze', 'manual__2026-06-08T09:27:14.390821+00:00', '--job-id', '36', '--raw', '--subdir', 'DAGS_FOLDER/dag.py', '--cfg-path', '/tmp/tmp4gweu109']
[2026-06-08T09:27:15.635+0000] {standard_task_runner.py:105} INFO - Job 36: Subtask load_bronze
[2026-06-08T09:27:15.676+0000] {task_command.py:467} INFO - Running <TaskInstance: f1_medallion_pipeline.load_bronze manual__2026-06-08T09:27:14.390821+00:00 [running]> on host 5aad93a88ba3
[2026-06-08T09:27:15.740+0000] {taskinstance.py:3134} INFO - Exporting env vars: AIRFLOW_CTX_DAG_OWNER='***' AIRFLOW_CTX_DAG_ID='f1_medallion_pipeline' AIRFLOW_CTX_TASK_ID='load_bronze' AIRFLOW_CTX_EXECUTION_DATE='2026-06-08T09:27:14.390821+00:00' AIRFLOW_CTX_TRY_NUMBER='1' AIRFLOW_CTX_DAG_RUN_ID='manual__2026-06-08T09:27:14.390821+00:00'
[2026-06-08T09:27:15.741+0000] {taskinstance.py:732} INFO - ::endgroup::
[2026-06-08T09:27:21.739+0000] {logging_mixin.py:190} INFO - 1.4.54
[2026-06-08T09:27:21.741+0000] {logging_mixin.py:190} INFO - <class 'sqlalchemy.engine.base.Connection'>
[2026-06-08T09:27:21.743+0000] {logging_mixin.py:190} INFO - False
[2026-06-08T09:28:23.617+0000] {logging_mixin.py:190} INFO - Bronze učitano: 518417 redova
[2026-06-08T09:28:23.678+0000] {python.py:240} INFO - Done. Returned value was: None
[2026-06-08T09:28:23.686+0000] {taskinstance.py:341} INFO - ::group::Post task execution logs
[2026-06-08T09:28:23.689+0000] {taskinstance.py:353} INFO - Marking task as SUCCESS. dag_id=f1_medallion_pipeline, task_id=load_bronze, run_id=manual__2026-06-08T09:27:14.390821+00:00, execution_date=20260608T092714, start_date=20260608T092715, end_date=20260608T092823
[2026-06-08T09:28:23.813+0000] {local_task_job_runner.py:266} INFO - Task exited with return code 0
[2026-06-08T09:28:23.830+0000] {taskinstance.py:3901} INFO - 1 downstream tasks scheduled from follow-on schedule check
[2026-06-08T09:28:23.838+0000] {local_task_job_runner.py:245} INFO - ::endgroup::
